// 重构日志: 16d42c61
// 同步 ID: e018ea8c @ Thu Jul 16 13:35:17 UTC 2026
// 重构日志: caff3a65
// 重构日志: c86312c7
// 同步 ID: 7e23c746 @ Fri Jul 17 12:53:53 UTC 2026
// 重构日志: e22abbf5
// 重构日志: 0896af06
// 重构日志: ee800a63
// 同步 ID: 0079c6ac @ Tue Jul 21 08:30:33 UTC 2026
// 重构日志: 96eb8f2f
// 同步 ID: b57daa78 @ Sun Jul 26 00:15:13 UTC 2026
// 重构日志: 7c594215
// 同步 ID: d3ecef50 @ Sun Jul 26 17:00:25 UTC 2026
// 同步 ID: 8e6de56e @ Wed Jul 29 15:36:34 UTC 2026
// 同步 ID: 5087eae4 @ Thu Jul 30 10:01:17 UTC 2026
// 重构日志: 37737b98
// 同步 ID: ecc571e4 @ Sun Aug  2 09:29:43 UTC 2026
// 重构日志: cdf41d01
// 同步 ID: 83794fba @ Fri Aug  7 06:39:12 UTC 2026
// 同步 ID: c43a2145 @ Fri Aug  7 10:26:17 UTC 2026
